// Jest Snapshot v1, https://goo.gl/fbAQLP

exports[`<ErrorBoundary> window displays error message on error generated by child 1`] = `
<ErrorBoundary>
  <h1>
    Uh oh! Something went wrong.
  </h1>
</ErrorBoundary>
`;

exports[`<ErrorBoundary> window should match the snapshot 1`] = `"Test"`;
