// Jest Snapshot v1, https://goo.gl/fbAQLP

exports[`MovieDesc Adds MovieDesc snapshot testing 1`] = `ShallowWrapper {}`;
